// Jest Snapshot v1, https://goo.gl/fbAQLP

exports[`My Page Not Found component should render 1`] = `
<div>
  <div
    class="makeStyles-root-1"
  >
    <div
      class="MuiContainer-root MuiContainer-maxWidthSm"
    >
      <div
        class="MuiGrid-root MuiGrid-container MuiGrid-spacing-xs-3 MuiGrid-direction-xs-column MuiGrid-justify-xs-center"
      >
        <div
          class="MuiGrid-root MuiGrid-item MuiGrid-grid-xs-12"
        >
          <h1
            class="MuiTypography-root MuiTypography-h5 MuiTypography-gutterBottom"
          >
            Page not implemented
          </h1>
        </div>
      </div>
    </div>
  </div>
</div>
`;
